------------------------------------------------------------
Timing Analyzer Summary
------------------------------------------------------------

Type  : Slow 1100mV 85C Model Setup 'CLOCK_50'
Slack : -6.462
TNS   : -1312.719

Type  : Slow 1100mV 85C Model Hold 'CLOCK_50'
Slack : 0.305
TNS   : 0.000

Type  : Slow 1100mV 85C Model Minimum Pulse Width 'CLOCK_50'
Slack : -2.636
TNS   : -256.959

Type  : Slow 1100mV 0C Model Setup 'CLOCK_50'
Slack : -6.563
TNS   : -1289.478

Type  : Slow 1100mV 0C Model Hold 'CLOCK_50'
Slack : 0.285
TNS   : 0.000

Type  : Slow 1100mV 0C Model Minimum Pulse Width 'CLOCK_50'
Slack : -2.636
TNS   : -265.486

Type  : Fast 1100mV 85C Model Setup 'CLOCK_50'
Slack : -3.262
TNS   : -652.294

Type  : Fast 1100mV 85C Model Hold 'CLOCK_50'
Slack : 0.185
TNS   : 0.000

Type  : Fast 1100mV 85C Model Minimum Pulse Width 'CLOCK_50'
Slack : -2.636
TNS   : -146.489

Type  : Fast 1100mV 0C Model Setup 'CLOCK_50'
Slack : -2.885
TNS   : -571.075

Type  : Fast 1100mV 0C Model Hold 'CLOCK_50'
Slack : 0.166
TNS   : 0.000

Type  : Fast 1100mV 0C Model Minimum Pulse Width 'CLOCK_50'
Slack : -2.636
TNS   : -146.412

------------------------------------------------------------
